// Jest Snapshot v1, https://goo.gl/fbAQLP

exports[`renders the ui as expected 1`] = `
<div
  className="Card"
>
  <button
    type="button"
  >
    delete
  </button>
  <h3>
    testCardTitle
  </h3>
  <p>
    testCardContent
  </p>
</div>
`;
